// Jest Snapshot v1, https://goo.gl/fbAQLP

exports[` CardList Test "renders correctly" 1`] = `
<div
  className="cards-container"
/>
`;
