// Jest Snapshot v1, https://goo.gl/fbAQLP

exports[` Card renders properly 1`] = `
<div
  className="card-item"
>
  <img
    alt=""
    src={null}
  />
  <h4
    id="card-title"
  />
  <p>
    Episodes : null
  </p>
  <a
    href="/anime/"
    id="card-btn"
    onClick={[Function]}
  >
    More Details
  </a>
</div>
`;
