// Jest Snapshot v1, https://goo.gl/fbAQLP

exports[` Detail page renders properly 1`] = `null`;
